18:23:45 | INFO | device: cuda
18:23:45 | INFO | seed: 42
18:23:45 | INFO | year_start_train: 2016
18:23:45 | INFO | fanout: (20, 15)
18:23:45 | INFO | save_model_path: data/model/surgery/gnn/graphsage_2016
18:23:45 | INFO | Loading dataset
18:23:46 | INFO | Loading node features
18:23:46 | INFO | v_features: loaded from key 'v_features' (data/model/surgery/gnn/features_2016.pkl.gz)
18:23:46 | INFO | Building past-graph edge_index
18:23:48 | INFO | Loading OOD node features
18:23:48 | INFO | v_features_ood: loaded from key 'v_features' (data/model/surgery/gnn/features_2019.pkl.gz)
18:23:48 | INFO | Building OOD past-graph edge_index at year_start=2019
18:23:48 | INFO | OOD pairs: 200000 | pos_rate: 0.0500 | year_start=2019
18:23:49 | INFO | Model: SAGEConv2Layer(in_dim=10, hidden_dim=256, out_dim=128) + EdgeMLPDecoder(hidden=256)
18:23:49 | INFO | Train pairs: 4000000 | Val pairs: 1000000
18:23:49 | INFO | eval_dir: data/model/surgery/gnn/graphsage_2016/eval
18:24:19 | INFO | Epoch: 1, Loss: 0.2409, AUC: 0.9002, TP: 48721, FP: 14615, FN: 50181, TN: 886483
18:24:22 | INFO | OOD | Epoch: 1, AUC: 0.9008, TP: 4778, FP: 2595, FN: 5222, TN: 187405
18:24:49 | INFO | Epoch: 2, Loss: 0.1868, AUC: 0.9054, TP: 52513, FP: 17467, FN: 46389, TN: 883631
18:24:51 | INFO | OOD | Epoch: 2, AUC: 0.9054, TP: 5223, FP: 3514, FN: 4777, TN: 186486
18:25:19 | INFO | Epoch: 3, Loss: 0.1836, AUC: 0.9082, TP: 52462, FP: 16676, FN: 46440, TN: 884422
18:25:22 | INFO | OOD | Epoch: 3, AUC: 0.9063, TP: 5329, FP: 3697, FN: 4671, TN: 186303
18:25:50 | INFO | Epoch: 4, Loss: 0.1812, AUC: 0.9106, TP: 53501, FP: 17014, FN: 45401, TN: 884084
18:25:52 | INFO | OOD | Epoch: 4, AUC: 0.9068, TP: 5531, FP: 4163, FN: 4469, TN: 185837
18:26:20 | INFO | Epoch: 5, Loss: 0.1795, AUC: 0.9123, TP: 52788, FP: 15698, FN: 46114, TN: 885400
18:26:23 | INFO | OOD | Epoch: 5, AUC: 0.9071, TP: 5558, FP: 4244, FN: 4442, TN: 185756
18:26:51 | INFO | Epoch: 6, Loss: 0.1784, AUC: 0.9132, TP: 54982, FP: 17869, FN: 43920, TN: 883229
18:26:54 | INFO | OOD | Epoch: 6, AUC: 0.9072, TP: 5848, FP: 5135, FN: 4152, TN: 184865
18:27:23 | INFO | Epoch: 7, Loss: 0.1777, AUC: 0.9140, TP: 54494, FP: 17066, FN: 44408, TN: 884032
18:27:25 | INFO | OOD | Epoch: 7, AUC: 0.9075, TP: 5900, FP: 5205, FN: 4100, TN: 184795
18:27:52 | INFO | Epoch: 8, Loss: 0.1771, AUC: 0.9145, TP: 54021, FP: 16409, FN: 44881, TN: 884689
18:27:55 | INFO | OOD | Epoch: 8, AUC: 0.9075, TP: 5949, FP: 5346, FN: 4051, TN: 184654
18:28:22 | INFO | Epoch: 9, Loss: 0.1767, AUC: 0.9148, TP: 54563, FP: 16797, FN: 44339, TN: 884301
18:28:25 | INFO | OOD | Epoch: 9, AUC: 0.9076, TP: 6033, FP: 5712, FN: 3967, TN: 184288
18:28:52 | INFO | Epoch: 10, Loss: 0.1763, AUC: 0.9152, TP: 55330, FP: 17618, FN: 43572, TN: 883480
18:28:54 | INFO | OOD | Epoch: 10, AUC: 0.9071, TP: 6158, FP: 6173, FN: 3842, TN: 183827
18:29:21 | INFO | Epoch: 11, Loss: 0.1760, AUC: 0.9156, TP: 54940, FP: 16960, FN: 43962, TN: 884138
18:29:23 | INFO | OOD | Epoch: 11, AUC: 0.9073, TP: 6158, FP: 6208, FN: 3842, TN: 183792
18:29:51 | INFO | Epoch: 12, Loss: 0.1757, AUC: 0.9159, TP: 55014, FP: 17125, FN: 43888, TN: 883973
18:29:53 | INFO | OOD | Epoch: 12, AUC: 0.9074, TP: 6182, FP: 6325, FN: 3818, TN: 183675
18:30:20 | INFO | Epoch: 13, Loss: 0.1754, AUC: 0.9162, TP: 54826, FP: 16891, FN: 44076, TN: 884207
18:30:22 | INFO | OOD | Epoch: 13, AUC: 0.9072, TP: 6206, FP: 6448, FN: 3794, TN: 183552
18:30:50 | INFO | Epoch: 14, Loss: 0.1751, AUC: 0.9165, TP: 53967, FP: 15745, FN: 44935, TN: 885353
18:30:53 | INFO | OOD | Epoch: 14, AUC: 0.9070, TP: 6155, FP: 6209, FN: 3845, TN: 183791
18:31:20 | INFO | Epoch: 15, Loss: 0.1749, AUC: 0.9167, TP: 54988, FP: 16851, FN: 43914, TN: 884247
18:31:22 | INFO | OOD | Epoch: 15, AUC: 0.9071, TP: 6259, FP: 6682, FN: 3741, TN: 183318
18:31:49 | INFO | Epoch: 16, Loss: 0.1746, AUC: 0.9169, TP: 54506, FP: 16240, FN: 44396, TN: 884858
18:31:52 | INFO | OOD | Epoch: 16, AUC: 0.9071, TP: 6236, FP: 6627, FN: 3764, TN: 183373
18:32:19 | INFO | Epoch: 17, Loss: 0.1745, AUC: 0.9171, TP: 54612, FP: 16310, FN: 44290, TN: 884788
18:32:22 | INFO | OOD | Epoch: 17, AUC: 0.9071, TP: 6283, FP: 6734, FN: 3717, TN: 183266
18:32:50 | INFO | Epoch: 18, Loss: 0.1743, AUC: 0.9174, TP: 54629, FP: 16242, FN: 44273, TN: 884856
18:32:52 | INFO | OOD | Epoch: 18, AUC: 0.9070, TP: 6336, FP: 7012, FN: 3664, TN: 182988
18:33:19 | INFO | Epoch: 19, Loss: 0.1741, AUC: 0.9175, TP: 53590, FP: 15038, FN: 45312, TN: 886060
18:33:22 | INFO | OOD | Epoch: 19, AUC: 0.9074, TP: 6262, FP: 6767, FN: 3738, TN: 183233
18:33:48 | INFO | Epoch: 20, Loss: 0.1739, AUC: 0.9177, TP: 54853, FP: 16404, FN: 44049, TN: 884694
18:33:51 | INFO | OOD | Epoch: 20, AUC: 0.9070, TP: 6365, FP: 7367, FN: 3635, TN: 182633
18:34:18 | INFO | Epoch: 21, Loss: 0.1738, AUC: 0.9179, TP: 54309, FP: 15784, FN: 44593, TN: 885314
18:34:21 | INFO | OOD | Epoch: 21, AUC: 0.9073, TP: 6352, FP: 7108, FN: 3648, TN: 182892
18:34:48 | INFO | Epoch: 22, Loss: 0.1736, AUC: 0.9180, TP: 55776, FP: 17229, FN: 43126, TN: 883869
18:34:51 | INFO | OOD | Epoch: 22, AUC: 0.9070, TP: 6533, FP: 8101, FN: 3467, TN: 181899
18:35:18 | INFO | Epoch: 23, Loss: 0.1735, AUC: 0.9182, TP: 54141, FP: 15513, FN: 44761, TN: 885585
18:35:21 | INFO | OOD | Epoch: 23, AUC: 0.9069, TP: 6447, FP: 7519, FN: 3553, TN: 182481
18:35:49 | INFO | Epoch: 24, Loss: 0.1734, AUC: 0.9183, TP: 54460, FP: 15633, FN: 44442, TN: 885465
18:35:51 | INFO | OOD | Epoch: 24, AUC: 0.9075, TP: 6448, FP: 7710, FN: 3552, TN: 182290
18:36:18 | INFO | Epoch: 25, Loss: 0.1733, AUC: 0.9184, TP: 54683, FP: 15936, FN: 44219, TN: 885162
18:36:20 | INFO | OOD | Epoch: 25, AUC: 0.9070, TP: 6518, FP: 8023, FN: 3482, TN: 181977
18:36:47 | INFO | Epoch: 26, Loss: 0.1731, AUC: 0.9186, TP: 54713, FP: 16010, FN: 44189, TN: 885088
18:36:50 | INFO | OOD | Epoch: 26, AUC: 0.9071, TP: 6553, FP: 8101, FN: 3447, TN: 181899
18:37:18 | INFO | Epoch: 27, Loss: 0.1730, AUC: 0.9186, TP: 54715, FP: 15908, FN: 44187, TN: 885190
18:37:20 | INFO | OOD | Epoch: 27, AUC: 0.9075, TP: 6563, FP: 8135, FN: 3437, TN: 181865
18:37:47 | INFO | Epoch: 28, Loss: 0.1729, AUC: 0.9189, TP: 54557, FP: 15651, FN: 44345, TN: 885447
18:37:49 | INFO | OOD | Epoch: 28, AUC: 0.9074, TP: 6557, FP: 8130, FN: 3443, TN: 181870
18:38:17 | INFO | Epoch: 29, Loss: 0.1728, AUC: 0.9190, TP: 53572, FP: 14607, FN: 45330, TN: 886491
18:38:19 | INFO | OOD | Epoch: 29, AUC: 0.9074, TP: 6526, FP: 8032, FN: 3474, TN: 181968
18:38:46 | INFO | Epoch: 30, Loss: 0.1727, AUC: 0.9190, TP: 53575, FP: 14596, FN: 45327, TN: 886502
18:38:48 | INFO | OOD | Epoch: 30, AUC: 0.9073, TP: 6524, FP: 7990, FN: 3476, TN: 182010
18:38:48 | INFO | Saving final model to data/model/surgery/gnn/graphsage_2016/model.pt
